[23-Sep-2025 19:46:18 UTC] PHP Parse error:  syntax error, unexpected token "<", expecting end of file in E:\irfan\CXSWP20250924\app\public\wp-content\themes\cyberxs\index.php on line 2
[23-Sep-2025 19:46:51 UTC] PHP Parse error:  syntax error, unexpected token "<", expecting end of file in E:\irfan\CXSWP20250924\app\public\wp-content\themes\cyberxs\header.php on line 2
[23-Sep-2025 19:49:08 UTC] PHP Parse error:  syntax error, unexpected token "<", expecting end of file in E:\irfan\CXSWP20250924\app\public\wp-content\themes\cyberxs\header.php on line 2
[23-Sep-2025 19:50:16 UTC] PHP Parse error:  syntax error, unexpected token "<", expecting end of file in E:\irfan\CXSWP20250924\app\public\wp-content\themes\cyberxs\footer.php on line 2
[23-Sep-2025 19:50:16 UTC] PHP Parse error:  syntax error, unexpected token "<", expecting end of file in E:\irfan\CXSWP20250924\app\public\wp-content\themes\cyberxs\footer.php on line 2
[23-Sep-2025 19:55:15 UTC] PHP Parse error:  syntax error, unexpected token "<", expecting end of file in E:\irfan\CXSWP20250924\app\public\wp-content\themes\cyberxs\header.php on line 2
[23-Sep-2025 19:55:28 UTC] PHP Parse error:  syntax error, unexpected token "<", expecting end of file in E:\irfan\CXSWP20250924\app\public\wp-content\themes\cyberxs\header.php on line 16
[23-Sep-2025 19:57:26 UTC] PHP Parse error:  syntax error, unexpected token "<", expecting end of file in E:\irfan\CXSWP20250924\app\public\wp-content\themes\cyberxs\footer.php on line 2
[23-Sep-2025 19:57:28 UTC] PHP Parse error:  syntax error, unexpected token "<", expecting end of file in E:\irfan\CXSWP20250924\app\public\wp-content\themes\cyberxs\footer.php on line 2
[23-Sep-2025 19:57:28 UTC] PHP Parse error:  syntax error, unexpected token "<", expecting end of file in E:\irfan\CXSWP20250924\app\public\wp-content\themes\cyberxs\footer.php on line 2
[23-Sep-2025 19:57:45 UTC] PHP Parse error:  syntax error, unexpected token "<", expecting end of file in E:\irfan\CXSWP20250924\app\public\wp-content\themes\cyberxs\footer.php on line 10
[23-Sep-2025 19:57:45 UTC] PHP Parse error:  syntax error, unexpected token "<", expecting end of file in E:\irfan\CXSWP20250924\app\public\wp-content\themes\cyberxs\footer.php on line 10
[23-Sep-2025 19:59:02 UTC] PHP Parse error:  syntax error, unexpected token "<", expecting end of file in E:\irfan\CXSWP20250924\app\public\wp-content\themes\cyberxs\index.php on line 2
[23-Sep-2025 20:03:06 UTC] PHP Parse error:  syntax error, unexpected token "<", expecting end of file in E:\irfan\CXSWP20250924\app\public\wp-content\themes\cyberxs\functions.php on line 2
[23-Sep-2025 20:03:06 UTC] PHP Parse error:  syntax error, unexpected token "<", expecting end of file in E:\irfan\CXSWP20250924\app\public\wp-content\themes\cyberxs\functions.php on line 2
[23-Sep-2025 20:07:47 UTC] PHP Warning:  Attempt to read property "title" on null in E:\irfan\CXSWP20250924\app\public\wp-includes\class-wp-customize-widgets.php on line 926
[23-Sep-2025 20:20:26 UTC] PHP Parse error:  syntax error, unexpected token "<", expecting end of file in E:\irfan\CXSWP20250924\app\public\wp-content\themes\cyberxs\header.php on line 184
[23-Sep-2025 20:37:49 UTC] PHP Parse error:  syntax error, unexpected token "<", expecting end of file in E:\irfan\CXSWP20250924\app\public\wp-content\themes\cyberxs\functions.php on line 22
[23-Sep-2025 20:37:49 UTC] PHP Parse error:  syntax error, unexpected token "<", expecting end of file in E:\irfan\CXSWP20250924\app\public\wp-content\themes\cyberxs\functions.php on line 22
[23-Sep-2025 20:38:01 UTC] PHP Parse error:  syntax error, unexpected token "<", expecting end of file in E:\irfan\CXSWP20250924\app\public\wp-content\themes\cyberxs\header.php on line 194
[23-Sep-2025 20:38:42 UTC] PHP Warning:  Attempt to read property "title" on null in E:\irfan\CXSWP20250924\app\public\wp-includes\class-wp-customize-widgets.php on line 926
[23-Sep-2025 20:56:47 UTC] PHP Parse error:  syntax error, unexpected token "<", expecting end of file in E:\irfan\CXSWP20250924\app\public\wp-content\themes\cyberxs\header.php on line 195
[23-Sep-2025 20:56:57 UTC] PHP Fatal error:  Uncaught Error: Class "WP_Bootstrap_Navwalker" not found in E:\irfan\CXSWP20250924\app\public\wp-content\themes\cyberxs\header.php:201
Stack trace:
#0 E:\irfan\CXSWP20250924\app\public\wp-includes\template.php(810): require_once()
#1 E:\irfan\CXSWP20250924\app\public\wp-includes\template.php(745): load_template('E:\\irfan\\CXSWP2...', true, Array)
#2 E:\irfan\CXSWP20250924\app\public\wp-includes\general-template.php(48): locate_template(Array, true, true, Array)
#3 E:\irfan\CXSWP20250924\app\public\wp-content\themes\cyberxs\index.php(2): get_header()
#4 E:\irfan\CXSWP20250924\app\public\wp-includes\template-loader.php(106): include('E:\\irfan\\CXSWP2...')
#5 E:\irfan\CXSWP20250924\app\public\wp-blog-header.php(19): require_once('E:\\irfan\\CXSWP2...')
#6 E:\irfan\CXSWP20250924\app\public\index.php(17): require('E:\\irfan\\CXSWP2...')
#7 {main}
  thrown in E:\irfan\CXSWP20250924\app\public\wp-content\themes\cyberxs\header.php on line 201
[23-Sep-2025 20:56:57 UTC] PHP Fatal error:  Uncaught Error: Class "WP_Bootstrap_Navwalker" not found in E:\irfan\CXSWP20250924\app\public\wp-content\themes\cyberxs\header.php:201
Stack trace:
#0 E:\irfan\CXSWP20250924\app\public\wp-includes\template.php(810): require_once()
#1 E:\irfan\CXSWP20250924\app\public\wp-includes\template.php(745): load_template('E:\\irfan\\CXSWP2...', true, Array)
#2 E:\irfan\CXSWP20250924\app\public\wp-includes\general-template.php(48): locate_template(Array, true, true, Array)
#3 E:\irfan\CXSWP20250924\app\public\wp-content\themes\cyberxs\index.php(2): get_header()
#4 E:\irfan\CXSWP20250924\app\public\wp-includes\template-loader.php(106): include('E:\\irfan\\CXSWP2...')
#5 E:\irfan\CXSWP20250924\app\public\wp-blog-header.php(19): require_once('E:\\irfan\\CXSWP2...')
#6 E:\irfan\CXSWP20250924\app\public\index.php(17): require('E:\\irfan\\CXSWP2...')
#7 {main}
  thrown in E:\irfan\CXSWP20250924\app\public\wp-content\themes\cyberxs\header.php on line 201
[23-Sep-2025 20:56:57 UTC] PHP Fatal error:  Uncaught Error: Class "WP_Bootstrap_Navwalker" not found in E:\irfan\CXSWP20250924\app\public\wp-content\themes\cyberxs\header.php:201
Stack trace:
#0 E:\irfan\CXSWP20250924\app\public\wp-includes\template.php(810): require_once()
#1 E:\irfan\CXSWP20250924\app\public\wp-includes\template.php(745): load_template('E:\\irfan\\CXSWP2...', true, Array)
#2 E:\irfan\CXSWP20250924\app\public\wp-includes\general-template.php(48): locate_template(Array, true, true, Array)
#3 E:\irfan\CXSWP20250924\app\public\wp-content\themes\cyberxs\index.php(2): get_header()
#4 E:\irfan\CXSWP20250924\app\public\wp-includes\template-loader.php(106): include('E:\\irfan\\CXSWP2...')
#5 E:\irfan\CXSWP20250924\app\public\wp-blog-header.php(19): require_once('E:\\irfan\\CXSWP2...')
#6 E:\irfan\CXSWP20250924\app\public\index.php(17): require('E:\\irfan\\CXSWP2...')
#7 {main}
  thrown in E:\irfan\CXSWP20250924\app\public\wp-content\themes\cyberxs\header.php on line 201
[23-Sep-2025 20:56:57 UTC] PHP Fatal error:  Uncaught Error: Class "WP_Bootstrap_Navwalker" not found in E:\irfan\CXSWP20250924\app\public\wp-content\themes\cyberxs\header.php:201
Stack trace:
#0 E:\irfan\CXSWP20250924\app\public\wp-includes\template.php(810): require_once()
#1 E:\irfan\CXSWP20250924\app\public\wp-includes\template.php(745): load_template('E:\\irfan\\CXSWP2...', true, Array)
#2 E:\irfan\CXSWP20250924\app\public\wp-includes\general-template.php(48): locate_template(Array, true, true, Array)
#3 E:\irfan\CXSWP20250924\app\public\wp-content\themes\cyberxs\index.php(2): get_header()
#4 E:\irfan\CXSWP20250924\app\public\wp-includes\template-loader.php(106): include('E:\\irfan\\CXSWP2...')
#5 E:\irfan\CXSWP20250924\app\public\wp-blog-header.php(19): require_once('E:\\irfan\\CXSWP2...')
#6 E:\irfan\CXSWP20250924\app\public\index.php(17): require('E:\\irfan\\CXSWP2...')
#7 {main}
  thrown in E:\irfan\CXSWP20250924\app\public\wp-content\themes\cyberxs\header.php on line 201
[23-Sep-2025 20:56:57 UTC] PHP Fatal error:  Uncaught Error: Class "WP_Bootstrap_Navwalker" not found in E:\irfan\CXSWP20250924\app\public\wp-content\themes\cyberxs\header.php:201
Stack trace:
#0 E:\irfan\CXSWP20250924\app\public\wp-includes\template.php(810): require_once()
#1 E:\irfan\CXSWP20250924\app\public\wp-includes\template.php(745): load_template('E:\\irfan\\CXSWP2...', true, Array)
#2 E:\irfan\CXSWP20250924\app\public\wp-includes\general-template.php(48): locate_template(Array, true, true, Array)
#3 E:\irfan\CXSWP20250924\app\public\wp-content\themes\cyberxs\index.php(2): get_header()
#4 E:\irfan\CXSWP20250924\app\public\wp-includes\template-loader.php(106): include('E:\\irfan\\CXSWP2...')
#5 E:\irfan\CXSWP20250924\app\public\wp-blog-header.php(19): require_once('E:\\irfan\\CXSWP2...')
#6 E:\irfan\CXSWP20250924\app\public\index.php(17): require('E:\\irfan\\CXSWP2...')
#7 {main}
  thrown in E:\irfan\CXSWP20250924\app\public\wp-content\themes\cyberxs\header.php on line 201
[23-Sep-2025 20:56:57 UTC] PHP Fatal error:  Uncaught Error: Class "WP_Bootstrap_Navwalker" not found in E:\irfan\CXSWP20250924\app\public\wp-content\themes\cyberxs\header.php:201
Stack trace:
#0 E:\irfan\CXSWP20250924\app\public\wp-includes\template.php(810): require_once()
#1 E:\irfan\CXSWP20250924\app\public\wp-includes\template.php(745): load_template('E:\\irfan\\CXSWP2...', true, Array)
#2 E:\irfan\CXSWP20250924\app\public\wp-includes\general-template.php(48): locate_template(Array, true, true, Array)
#3 E:\irfan\CXSWP20250924\app\public\wp-content\themes\cyberxs\index.php(2): get_header()
#4 E:\irfan\CXSWP20250924\app\public\wp-includes\template-loader.php(106): include('E:\\irfan\\CXSWP2...')
#5 E:\irfan\CXSWP20250924\app\public\wp-blog-header.php(19): require_once('E:\\irfan\\CXSWP2...')
#6 E:\irfan\CXSWP20250924\app\public\index.php(17): require('E:\\irfan\\CXSWP2...')
#7 {main}
  thrown in E:\irfan\CXSWP20250924\app\public\wp-content\themes\cyberxs\header.php on line 201
[23-Sep-2025 20:56:57 UTC] PHP Fatal error:  Uncaught Error: Class "WP_Bootstrap_Navwalker" not found in E:\irfan\CXSWP20250924\app\public\wp-content\themes\cyberxs\header.php:201
Stack trace:
#0 E:\irfan\CXSWP20250924\app\public\wp-includes\template.php(810): require_once()
#1 E:\irfan\CXSWP20250924\app\public\wp-includes\template.php(745): load_template('E:\\irfan\\CXSWP2...', true, Array)
#2 E:\irfan\CXSWP20250924\app\public\wp-includes\general-template.php(48): locate_template(Array, true, true, Array)
#3 E:\irfan\CXSWP20250924\app\public\wp-content\themes\cyberxs\index.php(2): get_header()
#4 E:\irfan\CXSWP20250924\app\public\wp-includes\template-loader.php(106): include('E:\\irfan\\CXSWP2...')
#5 E:\irfan\CXSWP20250924\app\public\wp-blog-header.php(19): require_once('E:\\irfan\\CXSWP2...')
#6 E:\irfan\CXSWP20250924\app\public\index.php(17): require('E:\\irfan\\CXSWP2...')
#7 {main}
  thrown in E:\irfan\CXSWP20250924\app\public\wp-content\themes\cyberxs\header.php on line 201
[23-Sep-2025 20:56:57 UTC] PHP Fatal error:  Uncaught Error: Class "WP_Bootstrap_Navwalker" not found in E:\irfan\CXSWP20250924\app\public\wp-content\themes\cyberxs\header.php:201
Stack trace:
#0 E:\irfan\CXSWP20250924\app\public\wp-includes\template.php(810): require_once()
#1 E:\irfan\CXSWP20250924\app\public\wp-includes\template.php(745): load_template('E:\\irfan\\CXSWP2...', true, Array)
#2 E:\irfan\CXSWP20250924\app\public\wp-includes\general-template.php(48): locate_template(Array, true, true, Array)
#3 E:\irfan\CXSWP20250924\app\public\wp-content\themes\cyberxs\index.php(2): get_header()
#4 E:\irfan\CXSWP20250924\app\public\wp-includes\template-loader.php(106): include('E:\\irfan\\CXSWP2...')
#5 E:\irfan\CXSWP20250924\app\public\wp-blog-header.php(19): require_once('E:\\irfan\\CXSWP2...')
#6 E:\irfan\CXSWP20250924\app\public\index.php(17): require('E:\\irfan\\CXSWP2...')
#7 {main}
  thrown in E:\irfan\CXSWP20250924\app\public\wp-content\themes\cyberxs\header.php on line 201
[23-Sep-2025 20:56:57 UTC] PHP Fatal error:  Uncaught Error: Class "WP_Bootstrap_Navwalker" not found in E:\irfan\CXSWP20250924\app\public\wp-content\themes\cyberxs\header.php:201
Stack trace:
#0 E:\irfan\CXSWP20250924\app\public\wp-includes\template.php(810): require_once()
#1 E:\irfan\CXSWP20250924\app\public\wp-includes\template.php(745): load_template('E:\\irfan\\CXSWP2...', true, Array)
#2 E:\irfan\CXSWP20250924\app\public\wp-includes\general-template.php(48): locate_template(Array, true, true, Array)
#3 E:\irfan\CXSWP20250924\app\public\wp-content\themes\cyberxs\index.php(2): get_header()
#4 E:\irfan\CXSWP20250924\app\public\wp-includes\template-loader.php(106): include('E:\\irfan\\CXSWP2...')
#5 E:\irfan\CXSWP20250924\app\public\wp-blog-header.php(19): require_once('E:\\irfan\\CXSWP2...')
#6 E:\irfan\CXSWP20250924\app\public\index.php(17): require('E:\\irfan\\CXSWP2...')
#7 {main}
  thrown in E:\irfan\CXSWP20250924\app\public\wp-content\themes\cyberxs\header.php on line 201
[23-Sep-2025 21:20:33 UTC] PHP Parse error:  syntax error, unexpected token "<", expecting end of file in E:\irfan\CXSWP20250924\app\public\wp-content\themes\cyberxs\footer.php on line 13
[23-Sep-2025 21:20:33 UTC] PHP Parse error:  syntax error, unexpected token "<", expecting end of file in E:\irfan\CXSWP20250924\app\public\wp-content\themes\cyberxs\footer.php on line 13
[23-Sep-2025 21:20:34 UTC] PHP Parse error:  syntax error, unexpected token "<", expecting end of file in E:\irfan\CXSWP20250924\app\public\wp-content\themes\cyberxs\footer.php on line 13
[23-Sep-2025 21:20:34 UTC] PHP Parse error:  syntax error, unexpected token "<", expecting end of file in E:\irfan\CXSWP20250924\app\public\wp-content\themes\cyberxs\footer.php on line 13
[23-Sep-2025 21:20:34 UTC] PHP Parse error:  syntax error, unexpected token "<", expecting end of file in E:\irfan\CXSWP20250924\app\public\wp-content\themes\cyberxs\footer.php on line 13
[23-Sep-2025 21:20:34 UTC] PHP Parse error:  syntax error, unexpected token "<", expecting end of file in E:\irfan\CXSWP20250924\app\public\wp-content\themes\cyberxs\footer.php on line 13
[23-Sep-2025 21:20:34 UTC] PHP Parse error:  syntax error, unexpected token "<", expecting end of file in E:\irfan\CXSWP20250924\app\public\wp-content\themes\cyberxs\footer.php on line 13
[23-Sep-2025 21:20:34 UTC] PHP Parse error:  syntax error, unexpected token "<", expecting end of file in E:\irfan\CXSWP20250924\app\public\wp-content\themes\cyberxs\footer.php on line 13
[23-Sep-2025 21:20:34 UTC] PHP Parse error:  syntax error, unexpected token "<", expecting end of file in E:\irfan\CXSWP20250924\app\public\wp-content\themes\cyberxs\footer.php on line 13
[23-Sep-2025 21:20:34 UTC] PHP Parse error:  syntax error, unexpected token "<", expecting end of file in E:\irfan\CXSWP20250924\app\public\wp-content\themes\cyberxs\footer.php on line 13
[23-Sep-2025 21:20:34 UTC] PHP Parse error:  syntax error, unexpected token "<", expecting end of file in E:\irfan\CXSWP20250924\app\public\wp-content\themes\cyberxs\footer.php on line 13
[23-Sep-2025 21:20:34 UTC] PHP Parse error:  syntax error, unexpected token "<", expecting end of file in E:\irfan\CXSWP20250924\app\public\wp-content\themes\cyberxs\footer.php on line 13
[23-Sep-2025 21:20:34 UTC] PHP Parse error:  syntax error, unexpected token "<", expecting end of file in E:\irfan\CXSWP20250924\app\public\wp-content\themes\cyberxs\footer.php on line 13
[23-Sep-2025 21:20:34 UTC] PHP Parse error:  syntax error, unexpected token "<", expecting end of file in E:\irfan\CXSWP20250924\app\public\wp-content\themes\cyberxs\footer.php on line 13
[23-Sep-2025 21:20:34 UTC] PHP Parse error:  syntax error, unexpected token "<", expecting end of file in E:\irfan\CXSWP20250924\app\public\wp-content\themes\cyberxs\footer.php on line 13
[23-Sep-2025 21:20:34 UTC] PHP Parse error:  syntax error, unexpected token "<", expecting end of file in E:\irfan\CXSWP20250924\app\public\wp-content\themes\cyberxs\footer.php on line 13
[23-Sep-2025 21:41:23 UTC] PHP Warning:  Attempt to read property "title" on null in E:\irfan\CXSWP20250924\app\public\wp-includes\class-wp-customize-widgets.php on line 926
[23-Sep-2025 22:27:37 UTC] PHP Parse error:  syntax error, unexpected token "<", expecting end of file in E:\irfan\CXSWP20250924\app\public\wp-content\themes\cyberxs\footer.php on line 293
[23-Sep-2025 22:27:37 UTC] PHP Parse error:  syntax error, unexpected token "<", expecting end of file in E:\irfan\CXSWP20250924\app\public\wp-content\themes\cyberxs\footer.php on line 293
[23-Sep-2025 22:27:37 UTC] PHP Parse error:  syntax error, unexpected token "<", expecting end of file in E:\irfan\CXSWP20250924\app\public\wp-content\themes\cyberxs\footer.php on line 293
[23-Sep-2025 22:27:37 UTC] PHP Parse error:  syntax error, unexpected token "<", expecting end of file in E:\irfan\CXSWP20250924\app\public\wp-content\themes\cyberxs\footer.php on line 293
[23-Sep-2025 22:27:37 UTC] PHP Parse error:  syntax error, unexpected token "<", expecting end of file in E:\irfan\CXSWP20250924\app\public\wp-content\themes\cyberxs\footer.php on line 293
[23-Sep-2025 22:27:37 UTC] PHP Parse error:  syntax error, unexpected token "<", expecting end of file in E:\irfan\CXSWP20250924\app\public\wp-content\themes\cyberxs\footer.php on line 293
[23-Sep-2025 22:27:37 UTC] PHP Parse error:  syntax error, unexpected token "<", expecting end of file in E:\irfan\CXSWP20250924\app\public\wp-content\themes\cyberxs\footer.php on line 293
[23-Sep-2025 22:27:37 UTC] PHP Parse error:  syntax error, unexpected token "<", expecting end of file in E:\irfan\CXSWP20250924\app\public\wp-content\themes\cyberxs\footer.php on line 293
[23-Sep-2025 22:27:37 UTC] PHP Parse error:  syntax error, unexpected token "<", expecting end of file in E:\irfan\CXSWP20250924\app\public\wp-content\themes\cyberxs\footer.php on line 293
[23-Sep-2025 22:27:37 UTC] PHP Parse error:  syntax error, unexpected token "<", expecting end of file in E:\irfan\CXSWP20250924\app\public\wp-content\themes\cyberxs\footer.php on line 293
[23-Sep-2025 22:27:38 UTC] PHP Parse error:  syntax error, unexpected token "<", expecting end of file in E:\irfan\CXSWP20250924\app\public\wp-content\themes\cyberxs\footer.php on line 293
[23-Sep-2025 22:27:38 UTC] PHP Parse error:  syntax error, unexpected token "<", expecting end of file in E:\irfan\CXSWP20250924\app\public\wp-content\themes\cyberxs\footer.php on line 293
[23-Sep-2025 22:27:38 UTC] PHP Parse error:  syntax error, unexpected token "<", expecting end of file in E:\irfan\CXSWP20250924\app\public\wp-content\themes\cyberxs\footer.php on line 293
[23-Sep-2025 22:27:38 UTC] PHP Parse error:  syntax error, unexpected token "<", expecting end of file in E:\irfan\CXSWP20250924\app\public\wp-content\themes\cyberxs\footer.php on line 293
[23-Sep-2025 22:27:38 UTC] PHP Parse error:  syntax error, unexpected token "<", expecting end of file in E:\irfan\CXSWP20250924\app\public\wp-content\themes\cyberxs\footer.php on line 293
[23-Sep-2025 22:27:38 UTC] PHP Parse error:  syntax error, unexpected token "<", expecting end of file in E:\irfan\CXSWP20250924\app\public\wp-content\themes\cyberxs\footer.php on line 293
[23-Sep-2025 22:56:42 UTC] PHP Parse error:  syntax error, unexpected token "<", expecting end of file in E:\irfan\CXSWP20250924\app\public\wp-content\themes\cyberxs\header.php on line 16
[23-Sep-2025 23:10:18 UTC] PHP Warning:  Attempt to read property "title" on null in E:\irfan\CXSWP20250924\app\public\wp-includes\class-wp-customize-widgets.php on line 926
[24-Sep-2025 00:07:56 UTC] PHP Warning:  Attempt to read property "title" on null in E:\irfan\CXSWP20250924\app\public\wp-includes\class-wp-customize-widgets.php on line 926
[24-Sep-2025 00:08:23 UTC] PHP Warning:  Attempt to read property "title" on null in E:\irfan\CXSWP20250924\app\public\wp-includes\class-wp-customize-widgets.php on line 926
[28-Sep-2025 12:07:01 UTC] PHP Parse error:  syntax error, unexpected token "<", expecting "elseif" or "else" or "endif" in E:\irfan\CXSWP20250924\app\public\wp-content\themes\cyberxs\index.php on line 22
[28-Sep-2025 12:07:14 UTC] PHP Parse error:  syntax error, unexpected token "<", expecting "elseif" or "else" or "endif" in E:\irfan\CXSWP20250924\app\public\wp-content\themes\cyberxs\index.php on line 22
[28-Sep-2025 12:07:29 UTC] PHP Parse error:  syntax error, unexpected token "<", expecting "elseif" or "else" or "endif" in E:\irfan\CXSWP20250924\app\public\wp-content\themes\cyberxs\index.php on line 22
[28-Sep-2025 12:07:31 UTC] PHP Parse error:  syntax error, unexpected token "<", expecting "elseif" or "else" or "endif" in E:\irfan\CXSWP20250924\app\public\wp-content\themes\cyberxs\index.php on line 22
[28-Sep-2025 12:18:10 UTC] PHP Parse error:  syntax error, unexpected single-quoted string "", expecting "," or ";" in E:\irfan\CXSWP20250924\app\public\wp-content\themes\cyberxs\index.php on line 57
